// Jest Snapshot v1, https://goo.gl/fbAQLP

exports[`Components rendering chat window to be rendered should be toggled 1`] = `
<div
  className="container Chat"
>
  <ul
    className="list-group"
  />
</div>
`;

exports[`Components rendering individual Chat should be rendered without crashing 1`] = `
<div>
  <button
    className="btn btn-default btn-sm"
    onClick={[Function]}
    type="button"
  >
    <span
      className="glyphicon glyphicon-thumbs-up"
    />
     
    
  </button>
</div>
`;

exports[`Components rendering like should be rendered withut crashing 1`] = `
<div>
  <button
    className="btn btn-default btn-sm"
    onClick={[Function]}
    type="button"
  >
    <span
      className="glyphicon glyphicon-thumbs-up"
    />
     
    
  </button>
</div>
`;
